Si en el otro diario de instalación llevaba 3 o 4 veces, en este ya son 6 o 7.
Sigo los pasos de alterior diario y voy añadiendo experiencia.

Symfony ha cambiado de versión, ya es Symfony2 y el libro acaba de sacar hoy (21/04/2014) la versión 2.4

La última instalación la he hecho sin git y cuando casca ya no eres capaz de volver atrás. hay que hacerlo con git.

Ya lo he intentado con  Cupon.local y Planilla. Ahora lo intento con mi-cupon.

Siguiendo el manual al pie de la letra.

3.1.2 Instalando Symfony 2.4 con Composer

$ sudo composer create-project symfony/framework-standard-edition "/Proyectos/mi-cupon.com" 2.4.*

Sin sudo da problemas de permisos.

A las preguntas, todo enter. Ya se que hay que cambiarlo luego.

Preparo el directorio Proyectos para que el usuario adslinex pueda trabajar sin problemas:
sudo chown -R antonio:antonio Proyectos


3.1.3 Comprobando la instalación realizada

$ php app/console

Ok

3.1.4 Instalando la aplicación Cupon
Para poder ver el código se puede instalar cupon ya acabado:
$ sudo git clone https://github.com/javiereguiluz/Cupon.git Cupon
$ cd cupon
$ git checkout 2.4
$ sudo composer install

o a través del navegador en el propio repositorio:
https://github.com/javiereguiluz/Cupon

3.2 Configurando el entorno de ejecución

El archivo /etc/host queda de la siguiente manera para poder provar los dos entornos

127.0.0.1	localhost
127.0.1.1	antonio-OptiPlex-745

# The following lines are desirable for IPv6 capable hosts
::1     ip6-localhost ip6-loopback
fe00::0 ip6-localnet
ff00::0 ip6-mcastprefix
ff02::1 ip6-allnodes
ff02::2 ip6-allrouters

127.0.0.1	mi-cupon.com
127.0.0.1	cupon

Para la configuración de apache2 y ya después de mucha experiencia, hay que crear dos archivos en el directorio /etc/apache2/sites-available cada uno con la configuración de su entorno:
mi-cupon.com

<VirtualHost *:80>
    ServerName      mi-cupon.com
    ServerAlias     www.mi-cupon.com

 #   SetEnv SYMFONY__DATABASE__USER     "cupon"
 #   SetEnv SYMFONY__DATABASE__PASSWORD "cupon"

    DocumentRoot    /home/web/Proyectos/mi-cupon.com/web
    DirectoryIndex  app.php

    <Directory /home/web/Proyectos/mi-cupon.com/web>
        AllowOverride None
        Allow from All

        <IfModule mod_rewrite.c>
            Options -MultiViews
            RewriteEngine On
            RewriteCond %{REQUEST_FILENAME} !-f
            RewriteRule ^(.*)$ app.php [QSA,L]
        </IfModule>
    </Directory>

    CustomLog  /var/log/apache2/mi-cupon.com-access.log combined

    KeepAlive            On
    MaxKeepAliveRequests 200
    KeepAliveTimeout     5

    AddOutputFilterByType DEFLATE text/css text/plain text/html application/xhtml+xml text/xml application/xml

    <IfModule mod_headers.c>
        Header append Vary User-Agent env=!dont-vary

        ExpiresActive On
        ExpiresDefault "now plus 1 week"
        ExpiresByType image/x-icon "now plus 1 month"
        ExpiresByType image/gif    "now plus 1 month"
        ExpiresByType image/png    "now plus 1 month"
        ExpiresByType image/jpeg   "now plus 1 month"
    </IfModule>
</VirtualHost>

Seguro que le sobran opciones o le falta alguna. a día de hoy funcionan.
y el otro exactamente igual sustituyendo mi-cupon.com por cupon

Se pueden crear más con más configuraciones
Luego en el directorio /etc/apache2/sites-enabled creamos los enlaces simbólicos a cada uno de ellos. Los enlaces se cargan por orden alfabético. En este directorio ahora mismo hay tres enlaces simbólicos:
000-default		que apunta al la configuración por defecto de apache2
001-mi-cupon.com	que apunta a mi-cupon.com
002-cupon		que apunta a la configuración de cupon

$ sudo service apache2 restart
 * Restarting web server apache2                                                                       ... waiting  
Ok

$ sudo chmod -R 777 app/logs
$ sudo chmod -R 777 app/cache
(si no, da error en el navegador)

Nota: De cuando en cuando, como unas veces se trabaja como root y otras con usuario antonio, no esta de más hacer propietario a antonio de todos los ficheros
$ sudo chown -R antonio:antonio /home/web/Proyectos/

y en el navegador: http://mi-cupon.com/app_dev.php

Ok -> me pregunta por la configuración (http://cupon/app_dev.php los mismos pasos y Ok)

Intento subir al repositorio la primera revisión.

Creo un repositorio en https://github.com/adslinex
Datos del repositorio:

usuario: adslinex
password: sofa321hark

Repositorio: mi-cupon

Copiado de la propia página de github:
Quick setup — if you've done this kind of thing before
or

    HTTP
    SSH

We recommend that every repository has a README, LICENSE, and .gitignore.
Create a new repository on the command line

touch README.md
git init
git add README.md
git commit -m "first commit"
git remote add origin https://github.com/adslinex/mi-cupon.git
git push -u origin master

Push an existing repository from the command line

git remote add origin https://github.com/adslinex/mi-cupon.git
git push -u origin master
Fin del copiado

Editado: Debería haber creado antes el .gitignore (sirve para indicarle que no suba determinados directorios, como los vendor)

Dentro de mi-cupon:
touch README.md
$ git init
$ git add README.md
$ git commit -m "first commit"
$ git remote add origin https://github.com/adslinex/mi-cupon.git
$ git push -u origin master
Username for 'https://github.com': adslinex
Password for 'https://adslinex@github.com': 
To https://github.com/adslinex/mi-cupon.git
   0ab69a6..c65a640  master -> master
...
 create mode 100644 vendor/twig/twig/doc/tests/index.rst
 create mode 100644 vendor/twig/twig/doc/tests/iterable.rst
 create mode 100644 vendor/twig/twig/doc/tests/null.rst
...
 create mode 100644 web/favicon.ico
 create mode 100644 web/robots.txt
$ git push
Username for 'https://github.com': adslinex
Password for 'https://adslinex@github.com': 
To https://github.com/adslinex/mi-cupon.git
   0ab69a6..c65a640  master -> master

Debería haber creado antes el .gitignore (sirve para indicarle que no suba determinados directorios, como los vendor)
No me aclaro yo con git, svn lo llevaba mejor. Voy a instalar eclipse. No va eclipse con Git, na
Voy a seguir las instrucciones del libro:
# crear la nueva rama
$ git checkout -b <nombre-de-rama>
 
# ... realizar cambios en el código ...
 
# añadir los nuevos archivos creados
$ git add .
 
# commit de todos los cambios realizados
$ git commit -a
 
# volver a la rama principal
$ git checkout master
 
# fusionar los cambios de la nueva rama en la principal
$ git merge <nombre-de-rama>
 
# subir los cambios al repositorio remoto
$ git push origin master
 
# ver el historial de los últimos cambios producidos
$ git log

En mi proyecto:
Guardo este txt dentro drl proyecto
$ git checkout -b "rama_de_trabajo"
Switched to a new branch 'rama_de_trabajo'
$ git add Diario\ de\ Symfony
$ git commit -a -m "trabajando en la rama de trabajo"
[rama_de_trabajo 936efd5] trabajando en la rama de trabajo
 1 file changed, 186 insertions(+)
 create mode 100644 Diario de Symfony

Sigo con mi-cupon.com
los paramentros de la base de datos y los que hay en parameters.yml los cojo de otra instalaciónanterior.
# This file is auto-generated during the composer install
parameters:
    database_driver: pdo_mysql
    database_host: localhost
    database_port: null
    database_name: mi-cupon
    database_user: mi-cupon
    database_password: mi-cupon
    mailer_transport: smtp
    mailer_host: localhost
    mailer_user: null
    mailer_password: null
    locale: es
    secret: 3095c57ee1675bd751e4f158dd48992dae4e8004

3.3 Actualizando Symfony2

$ composer update

Casca. Siempre casca
Siguiendo el libro, dos capitulos mas adelante:
Si esta solución no funciona o si tu sistema no soporta la opción +a para el comando chmod, ejecuta los siguientes comandos:

$ HTTPDUSER=`ps aux | grep -E '[a]pache|[h]ttpd|[_]www|[w]ww-data|[n]ginx' | grep -v root | head -1 | cut -d\  -f1`
 
$ sudo setfacl -Rn -m u:"$HTTPDUSER":rwX -m u:`whoami`:rwX app/cache app/logs
$ sudo setfacl -dRn -m u:"$HTTPDUSER":rwX -m u:`whoami`:rwX app/cache app/log

Esta tampoco, era por el sudo. (hecha un rato)
$ sudo composer update
[sudo] password for antonio: 
Loading composer repositories with package information
Updating dependencies (including require-dev)
  - Removing monolog/monolog (1.9.0)
  - Installing monolog/monolog (1.9.1)
    Downloading: 100%         

Writing lock file
Generating autoload files
Updating the "app/config/parameters.yml" file
Clearing the cache for the dev environment with debug true
Installing assets using the hard copy option
Installing assets for Symfony\Bundle\FrameworkBundle into web/bundles/framework
Installing assets for Acme\DemoBundle into web/bundles/acmedemo
Installing assets for Sensio\Bundle\DistributionBundle into web/bundles/sensiodistribution

3.4.2 Creando el resto de bundles Con estas órdenes de consola están los bundles creados
$ php app/console  generate:bundle --namespace=Cupon/OfertaBundle --bundle-name=OfertaBundle --dir=src/ --format=yml --no-interaction

$ php app/console  generate:bundle --namespace=Cupon/CiudadBundle --bundle-name=CiudadBundle --dir=src/ --format=yml --no-interaction
 
$ php app/console  generate:bundle --namespace=Cupon/TiendaBundle --bundle-name=TiendaBundle --dir=src/ --format=yml --no-interaction
 
$ php app/console  generate:bundle --namespace=Cupon/UsuarioBundle --bundle-name=UsuarioBundle --dir=src/ --format=yml --no-interaction

5. La base de datos
5.1 Entidades. Las entidades las he copiado de otras veces
5.2.3 Creando la base de datos y sus tablas
Borro la BD (phpMyAdmin) y la vuelvo a crear
$ php app/console doctrine:database:create
$ php app/console doctrine:schema:create
5.4 Archivos de datos o fixtures. Los fixtures igual, estoy usando los definitivos
5.4.1 Instalando los fixtures de Doctrine2
Abre el archivo composer.json que se encuentra en el directorio raíz del proyecto y añade las siguientes dependencias en la opción require:

{
    ...
 
    "require": {
        ...
        "doctrine/doctrine-fixtures-bundle": "dev-master",
        "doctrine/data-fixtures": "dev-master"
    }
}

$ sudo composer update
php app/console doctrine:fixtures:load
Casca
Hay que añadir en el fichero AppKernel.php 
new Doctrine\Bundle\FixturesBundle\DoctrineFixturesBundle(),
casca
Copio la carpeta de Utilidades del cupon antiguo Cupon\OfertaBundle\Util\Util
Casca
Ciudades ha pasado pero Ciudades dice que no tiene encoder, debe ser que no esté bien configurado el id de Tienda
Casca
No lo consigo. O tengo que crear todos los Fixtures de cero o tiro para delante hasta que vuelvan a tocar el tema. Hago la segundo.
Actualmente la BD está vacia.
Así que la portada muestra un mensaje de no se ha encontrado la oferta del día

Muchos capítulos haciendo lo que pone el librro sin poder probar. La BD sigue vacia

Bueno, tras muchas horas de trabajo, tengo página.
He rehecho los fixtures mezclando codigo del libro y de github y funcionan. Los del libro, tal como están a estas alturas del libro, no funcionan (no ligan ofertas con ciudades y tiendas) y los de github dan errores porque faltaran cosas que implementar. Total, que he borrado la BD desde phpMyAdmin y:
$ php app/console doctrine:database:create
$ php app/console doctrine:s:create
php app/console d:f:l

He corregido tropecientos errores de visualización
Ahoara mismo estoy en:
7.2 Hojas de estilo y archivos JavaScript

He descargado las hojas de estilo y demás y 
$ php app/console assets:install
y todo bien sin saber muy bien lo que estoy haciendo, pero Ok

7.3 Seleccionando la ciudad activa
No se veía la desplegable (faltaba de cerrar una etiqueta en el fronted (/h1)
Ok

7.4 Creando la página de detalle de una oferta
Ok
7.5 Completando las plantillas con extensiones de Twig
Este punto del libro está poco revisado (deben haber llegado pocos aquí)
Mete parameter.ini donde es yml
en la plantilla oferta habal de modificar la seccion estado cuando no se ha creado antes ¿?. Bueno quizás estubiera en la portada inicial y me la he cargado yo mismo. La reconpongo como puedo para que funcione. Quizás no, me ha había cargado. Lo recompongo de la portada.html.twig original y funciona

He rehecho los fixtures (he copiado ofertas de github y ahora funciona)(problemas con la fecha Expiracion, se utiliza en muchas formulas y yo la había puesto a todas la misma)
OK
7.6 Creando la página de ofertas recientes de una ciudad
Acaba diciendo que ya se puede utilizar Ofertas recientes pero no funciona. Hay que incluir la accione en el fronted.html.twig
<li><a href="{{ path('ciudad_recientes', { 'ciudad': ciudadSeleccionada }) }}">Ofertas recientes</a></li>
Ok
7.7 Creando la portada de cada tienda
Lo mismo. Hay que enlazar la accion a los enlaces Tienda y no lo hace
oferta.html.twig
    <p>
        <a href="{{ path('tienda_portada', { 'ciudad': oferta.ciudad.slug, 'tienda': oferta.tienda.slug }) }}">{{ oferta.tienda.nombre }}</a>
        {{ oferta.tienda.direccion | nl2br }}
    </p>

minioferta.html.twig
<p>{{ "Disfruta de la oferta en" | trans }} <a href="{{ path('tienda_portada', { 'ciudad': oferta.ciudad.slug, 'tienda' : oferta.tienda.slug }) }}">{{ oferta.tienda.nombre }}</a></p>

7.8 Refactorización final
Completo lo indicado en el libro
Ok

Hasta aquí hemos llegado (varias veces y ahora es cuando casca) voy a intentar subir una versión con git para no perderme a partir de ahora.
En github hay que crear a mano un branch rama_de_trabajo

$ git add .
$ git commit -m " TODO FUNCIONANDO. Voy a empezar el Capítulo 8. Registrando usuarios"
$ git push
$ git checkout master
$ git merge "rama_de_trabajo"
$ git push
Username for 'https://github.com': adslinex
Password for 'https://adslinex@github.com': 
To https://github.com/adslinex/mi-cupon.git
   c65a640..b4aecfa  master -> master
Todo arriba. Para seguir trabajando vuelvo a pasar a la rama_de_trabajo
$ git checkout rama_de_trabajo
...
Switched to branch 'rama_de_trabajo'

8.1 Creando la página de compras recientes

"No obstante, si pruebas la página en el navegador (http://cupon.local/app_dev.php/usuario/compras/)"
Si pero además del error del que habla el libro, tenemos otro por la barra final. Este tema está resuelto en 4.4 Configurando la barra del final en las URL, pero como no se ha vuelto a hacer nada si ponemos la barra final casca.
Si ponemos en el Controller  $usuario_id = 1; y no miramos si ese usuario tiene compras, y no las tiene, la página saldrá en blanco. Lo cambio por  $usuario_id = 2;
Ok

8.3 Creando proveedores de usuarios

// src/Cupon/UsuarioBundle/Entity/Usuario.php
namespace Cupon\UsuarioBundle\Entity;
 
use Symfony\Component\Security\Core\User\UserInterface;
use Doctrine\ORM\Mapping as ORM;
 
/**
 * Cupon\UsuarioBundle\Entity\Usuario
 *
 * @ORM\Entity
 */
class Usuario implements UserInterface

Esta, mas el punto anterior 8.2 Encoding es el que hace que fallen los Fixutes de github al inicio del libro.
Pero tal como está creo que tiene un error. No incluye la línea:
* @ORM\Entity(repositoryClass="Cupon\UsuarioBundle\Entity\UsuarioRepository") y dejarían de funcionar las funciones del Repository

Despues de estas modificaciones hago la prueba de BOORAR la BD y volver a cargar todo y funciona. Quizás ahora los Fixtures de github funcionan. No lo pruebo.
Ok

8.4 Añadiendo el formulario de login
Puff. Un buen parón. 07/06/2014
Los formularios de login los he seguido pero con muchos de errores. Prácticamente estoy utilizando los ficheros del repositorio. Se entiende todo pero el texto del libro cada vez es mas confuso.
$ git add .
$ git commit -m " TODO FUNCIONANDO. Voy a empezar el Capítulo 9. RSS y los formatos alternativos"
$ git push
$ git checkout master
$ git merge "rama_de_trabajo"
$ git push
Username for 'https://github.com': adslinex
Password for 'https://adslinex@github.com': 
To https://github.com/adslinex/mi-cupon.git
   c65a640..b4aecfa  master -> master
Todo arriba. Para seguir trabajando vuelvo a pasar a la rama_de_trabajo
$ git checkout rama_de_trabajo
...
Switched to branch 'rama_de_trabajo'

Capítulo 9. RSS y los formatos alternativos
Bueno pues he pasado todo el capítulo y no he conseguido ver un enlace rss en el navegador. Como no me importa mucho y los cambios los he entendido, continúo.
De lo más interesante pero que no profundiza es que a partir de este momento se pueden generar y visualizar pdf en la aplicación.
No subo cambios por que son pocos.

Capítulo 10. Internacionalizando el sitio web
Pues me lo voy a leer y poco más. Bajo del repositorio los ficheros afectados y si todo funciona, sigo.
Pensandolo bien, lo he leido y punto. Lo mas interesante es que ya se que es el filtro |tran que aparecía por ahí. Sigo


Capítulo 11. Tests unitarios y funcionales
Me temo otro rollo ¿?
11.1 Primeros pasos
librería PHPUnit
No estaba instalada, la instalé con apt-get y no funcionó:
$ phpunit --versionPHP Warning:  require_once(PHP/CodeCoverage/Filter.php): failed to open stream: No such file or directory in /usr/bin/phpunit on line 38
PHP Fatal error:  require_once(): Failed opening required 'PHP/CodeCoverage/Filter.php' (include_path='.:/usr/share/php:/usr/share/pear') in /usr/bin/phpunit on line 38

Doy marcha atrás, desinstalo con apt-get y reinstalo con composer como indica el libro.
$ composer global require phpunit/phpunit 3.*
Me avisa de que mi composer ya es antiguo y que lo actualice. Pero el composer sigue con la instalación de phpunit.
Warning: This development build of composer is over 30 days old. It is recommended to update it by running "/usr/local/bin/composer self-update" to get the latest version.
Changed current directory to /home/antonio/.composer
Warning: This development build of composer is over 30 days old. It is recommended to update it by running "/usr/local/bin/composer self-update" to get the latest version.
./composer.json has been updated
Loading composer repositories with package information
Updating dependencies (including require-dev)
file_put_contents(/home/antonio/.composer/cache/repo/https---packagist.org/provider-symfony$yaml.json): failed to open stream: Permission denied
http://packagist.org could not be fully loaded, package information was loaded from the local cache and may be out of date
  - Installing symfony/yaml (v2.4.4)
    Downloading: 100%         

  - Installing phpunit/php-text-template (1.2.0)
    Downloading: 100%         

  - Installing phpunit/phpunit-mock-objects (1.2.3)
    Downloading: 100%         

  - Installing phpunit/php-timer (1.0.5)
    Downloading: 100%         

  - Installing phpunit/php-token-stream (1.2.2)
    Downloading: 100%         

  - Installing phpunit/php-file-iterator (1.3.4)
    Downloading: 100%         

  - Installing phpunit/php-code-coverage (1.2.17)
    Downloading: 100%         

  - Installing phpunit/phpunit (3.7.37)
    Downloading: 100%         

phpunit/php-code-coverage suggests installing ext-xdebug (>=2.0.5)
phpunit/phpunit suggests installing phpunit/php-invoker (~1.1)
Writing lock file
Generating autoload files

 También me da in fallo de permisos, lo reinstalare con sudo

$ sudo composer self-update
[sudo] password for antonio: 
Updating to version d97e00643fd619cb53827b44e53679c23a6baeaa.
    Downloading: 100%         
Use composer self-update --rollback to return to version b580ad66a0242bd97b093eab46a331a17df08acd
antonio@antonio-OptiPlex-745:/home/web/Proyectos/mi-cupon.com$ sudo composer global require phpunit/phpunit 3.*
Changed current directory to /home/antonio/.composer
./composer.json has been updated
Loading composer repositories with package information
Updating dependencies (including require-dev)
Nothing to install or update
Writing lock file

$ export PATH=~/.composer/vendor/bin/:$PATH

Haciendo esto funciona phpunit --version
para que quede definitivo en el PATH intento:

$ echo "PATH=~/.composer/vendor/bin/:$PATH" | sudo tee -a /etc/environment

habrá que revisarlo cunado reinicie
$ phpunit --version
PHPUnit 3.7.37 by Sebastian Bergmann.
Ok
$ phpunit -c app
PHPUnit 3.7.37 by Sebastian Bergmann.

Configuration read from /home/web/Proyectos/mi-cupon.com/app/phpunit.xml.dist

.EFF.FF

Time: 6.48 seconds, Memory: 22.00Mb

There was 1 error:

1) Acme\DemoBundle\Tests\Controller\DemoControllerTest::testSecureSection
LogicException: The request was not redirected.

/home/web/Proyectos/mi-cupon.com/vendor/symfony/symfony/src/Symfony/Component/BrowserKit/Client.php:496
/home/web/Proyectos/mi-cupon.com/src/Acme/DemoBundle/Tests/Controller/DemoControllerTest.php:26

--


There were 4 failures:

1) Cupon\CiudadBundle\Tests\Controller\DefaultControllerTest::testIndex
Failed asserting that false is true.

/home/web/Proyectos/mi-cupon.com/src/Cupon/CiudadBundle/Tests/Controller/DefaultControllerTest.php:15

2) Cupon\OfertaBundle\Tests\Controller\DefaultControllerTest::testIndex
Failed asserting that false is true.

/home/web/Proyectos/mi-cupon.com/src/Cupon/OfertaBundle/Tests/Controller/DefaultControllerTest.php:15

3) Cupon\TiendaBundle\Tests\Controller\DefaultControllerTest::testIndex
Failed asserting that false is true.

/home/web/Proyectos/mi-cupon.com/src/Cupon/TiendaBundle/Tests/Controller/DefaultControllerTest.php:15

4) Cupon\UsuarioBundle\Tests\Controller\DefaultControllerTest::testIndex
Failed asserting that false is true.

/home/web/Proyectos/mi-cupon.com/src/Cupon/UsuarioBundle/Tests/Controller/DefaultControllerTest.php:15

FAILURES!
Tests: 7, Assertions: 6, Failures: 4, Errors: 1.

Generating autoload files

¡¡COÑO!!
Un Error lo da en el Acme ese y Los 4 Fallos en los 4 Bundle del proyecto

Cambio lo que pide en el libro en el fichero CuponExtensionTest.php que acabo de hacer y da un Fallo nuevo. OK
    public function testDescuento()
    {
        //$this->assertEquals(1, 1, "Probar que 1 es igual a 1");
        $this->assertEquals(1, 2, "Probar que 1 es igual a 2");
    }
Para quitarme los fallos de los tests que vienen por defecto les añado .dafallos al final para que no se ejecuten.
Cambio el código de CuponExtensionTest.php al extenso que viene ene el libro y:
$ phpunit -c app
PHPUnit 3.7.37 by Sebastian Bergmann.

Configuration read from /home/web/Proyectos/mi-cupon.com/app/phpunit.xml.dist

.

Time: 40 ms, Memory: 2.25Mb

OK (1 test, 7 assertions)

Todo OK como dice phpunit

Puff con la funcion Mostrar como lista sale un churro, lo dejo

Bueno pues leo todo el contenido del capítulo, copio todos los archivos utilizados desde el repositorio y paso al siguiente.

Capítulo 12. Planificación
Creo que emppieza lo bueno


